Archive member included because of file (symbol)

e:/programms/eclipse/eclipse neon.2+burner+driver/sdk_win_64/sdk_win_64/winavr/bin/../lib/gcc/avr/4.3.3/avr5\libgcc.a(_udivmodqi4.o)
                              ./Mcal/Dio/Dio.o (__udivmodqi4)
e:/programms/eclipse/eclipse neon.2+burner+driver/sdk_win_64/sdk_win_64/winavr/bin/../lib/gcc/avr/4.3.3/avr5\libgcc.a(_divmodhi4.o)
                              ./Mcal/Timer/Timer_Prog.o (__divmodhi4)
e:/programms/eclipse/eclipse neon.2+burner+driver/sdk_win_64/sdk_win_64/winavr/bin/../lib/gcc/avr/4.3.3/avr5\libgcc.a(_divmodsi4.o)
                              ./Hal/LCD/LCD.o (__divmodsi4)
e:/programms/eclipse/eclipse neon.2+burner+driver/sdk_win_64/sdk_win_64/winavr/bin/../lib/gcc/avr/4.3.3/avr5\libgcc.a(_exit.o)
                              e:/programms/eclipse/eclipse neon.2+burner+driver/sdk_win_64/sdk_win_64/winavr/bin/../lib/gcc/avr/4.3.3/../../../../avr/lib/avr5/crtm32.o (exit)
e:/programms/eclipse/eclipse neon.2+burner+driver/sdk_win_64/sdk_win_64/winavr/bin/../lib/gcc/avr/4.3.3/avr5\libgcc.a(_copy_data.o)
                              ./Hal/KeyPad/KEyPad.o (__do_copy_data)
e:/programms/eclipse/eclipse neon.2+burner+driver/sdk_win_64/sdk_win_64/winavr/bin/../lib/gcc/avr/4.3.3/avr5\libgcc.a(_clear_bss.o)
                              ./Mcal/Timer/Timer_Prog.o (__do_clear_bss)
e:/programms/eclipse/eclipse neon.2+burner+driver/sdk_win_64/sdk_win_64/winavr/bin/../lib/gcc/avr/4.3.3/avr5\libgcc.a(_fixunssfsi.o)
                              ./Hal/TempSensor/TempSensor.o (__fixunssfsi)
e:/programms/eclipse/eclipse neon.2+burner+driver/sdk_win_64/sdk_win_64/winavr/bin/../lib/gcc/avr/4.3.3/avr5\libgcc.a(_addsub_sf.o)
                              ./Hal/LCD/LCD.o (__subsf3)
e:/programms/eclipse/eclipse neon.2+burner+driver/sdk_win_64/sdk_win_64/winavr/bin/../lib/gcc/avr/4.3.3/avr5\libgcc.a(_mul_sf.o)
                              ./Hal/TempSensor/TempSensor.o (__mulsf3)
e:/programms/eclipse/eclipse neon.2+burner+driver/sdk_win_64/sdk_win_64/winavr/bin/../lib/gcc/avr/4.3.3/avr5\libgcc.a(_div_sf.o)
                              ./Hal/TempSensor/TempSensor.o (__divsf3)
e:/programms/eclipse/eclipse neon.2+burner+driver/sdk_win_64/sdk_win_64/winavr/bin/../lib/gcc/avr/4.3.3/avr5\libgcc.a(_eq_sf.o)
                              ./Hal/LCD/LCD.o (__eqsf2)
e:/programms/eclipse/eclipse neon.2+burner+driver/sdk_win_64/sdk_win_64/winavr/bin/../lib/gcc/avr/4.3.3/avr5\libgcc.a(_gt_sf.o)
                              ./Hal/SSD/SSD.o (__gtsf2)
e:/programms/eclipse/eclipse neon.2+burner+driver/sdk_win_64/sdk_win_64/winavr/bin/../lib/gcc/avr/4.3.3/avr5\libgcc.a(_ge_sf.o)
                              e:/programms/eclipse/eclipse neon.2+burner+driver/sdk_win_64/sdk_win_64/winavr/bin/../lib/gcc/avr/4.3.3/avr5\libgcc.a(_fixunssfsi.o) (__gesf2)
e:/programms/eclipse/eclipse neon.2+burner+driver/sdk_win_64/sdk_win_64/winavr/bin/../lib/gcc/avr/4.3.3/avr5\libgcc.a(_lt_sf.o)
                              ./Hal/SSD/SSD.o (__ltsf2)
e:/programms/eclipse/eclipse neon.2+burner+driver/sdk_win_64/sdk_win_64/winavr/bin/../lib/gcc/avr/4.3.3/avr5\libgcc.a(_si_to_sf.o)
                              ./Hal/LCD/LCD.o (__floatsisf)
e:/programms/eclipse/eclipse neon.2+burner+driver/sdk_win_64/sdk_win_64/winavr/bin/../lib/gcc/avr/4.3.3/avr5\libgcc.a(_sf_to_si.o)
                              ./Hal/LCD/LCD.o (__fixsfsi)
e:/programms/eclipse/eclipse neon.2+burner+driver/sdk_win_64/sdk_win_64/winavr/bin/../lib/gcc/avr/4.3.3/avr5\libgcc.a(_thenan_sf.o)
                              e:/programms/eclipse/eclipse neon.2+burner+driver/sdk_win_64/sdk_win_64/winavr/bin/../lib/gcc/avr/4.3.3/avr5\libgcc.a(_addsub_sf.o) (__thenan_sf)
e:/programms/eclipse/eclipse neon.2+burner+driver/sdk_win_64/sdk_win_64/winavr/bin/../lib/gcc/avr/4.3.3/avr5\libgcc.a(_usi_to_sf.o)
                              ./Hal/TempSensor/TempSensor.o (__floatunsisf)
e:/programms/eclipse/eclipse neon.2+burner+driver/sdk_win_64/sdk_win_64/winavr/bin/../lib/gcc/avr/4.3.3/avr5\libgcc.a(_udivmodhi4.o)
                              e:/programms/eclipse/eclipse neon.2+burner+driver/sdk_win_64/sdk_win_64/winavr/bin/../lib/gcc/avr/4.3.3/avr5\libgcc.a(_divmodhi4.o) (__udivmodhi4)
e:/programms/eclipse/eclipse neon.2+burner+driver/sdk_win_64/sdk_win_64/winavr/bin/../lib/gcc/avr/4.3.3/avr5\libgcc.a(_udivmodsi4.o)
                              e:/programms/eclipse/eclipse neon.2+burner+driver/sdk_win_64/sdk_win_64/winavr/bin/../lib/gcc/avr/4.3.3/avr5\libgcc.a(_divmodsi4.o) (__udivmodsi4)
e:/programms/eclipse/eclipse neon.2+burner+driver/sdk_win_64/sdk_win_64/winavr/bin/../lib/gcc/avr/4.3.3/avr5\libgcc.a(_prologue.o)
                              e:/programms/eclipse/eclipse neon.2+burner+driver/sdk_win_64/sdk_win_64/winavr/bin/../lib/gcc/avr/4.3.3/avr5\libgcc.a(_addsub_sf.o) (__prologue_saves__)
e:/programms/eclipse/eclipse neon.2+burner+driver/sdk_win_64/sdk_win_64/winavr/bin/../lib/gcc/avr/4.3.3/avr5\libgcc.a(_epilogue.o)
                              e:/programms/eclipse/eclipse neon.2+burner+driver/sdk_win_64/sdk_win_64/winavr/bin/../lib/gcc/avr/4.3.3/avr5\libgcc.a(_addsub_sf.o) (__epilogue_restores__)
e:/programms/eclipse/eclipse neon.2+burner+driver/sdk_win_64/sdk_win_64/winavr/bin/../lib/gcc/avr/4.3.3/avr5\libgcc.a(_clzsi2.o)
                              e:/programms/eclipse/eclipse neon.2+burner+driver/sdk_win_64/sdk_win_64/winavr/bin/../lib/gcc/avr/4.3.3/avr5\libgcc.a(_si_to_sf.o) (__clzsi2)
e:/programms/eclipse/eclipse neon.2+burner+driver/sdk_win_64/sdk_win_64/winavr/bin/../lib/gcc/avr/4.3.3/avr5\libgcc.a(_pack_sf.o)
                              e:/programms/eclipse/eclipse neon.2+burner+driver/sdk_win_64/sdk_win_64/winavr/bin/../lib/gcc/avr/4.3.3/avr5\libgcc.a(_addsub_sf.o) (__pack_f)
e:/programms/eclipse/eclipse neon.2+burner+driver/sdk_win_64/sdk_win_64/winavr/bin/../lib/gcc/avr/4.3.3/avr5\libgcc.a(_unpack_sf.o)
                              e:/programms/eclipse/eclipse neon.2+burner+driver/sdk_win_64/sdk_win_64/winavr/bin/../lib/gcc/avr/4.3.3/avr5\libgcc.a(_addsub_sf.o) (__unpack_f)
e:/programms/eclipse/eclipse neon.2+burner+driver/sdk_win_64/sdk_win_64/winavr/bin/../lib/gcc/avr/4.3.3/avr5\libgcc.a(_fpcmp_parts_sf.o)
                              e:/programms/eclipse/eclipse neon.2+burner+driver/sdk_win_64/sdk_win_64/winavr/bin/../lib/gcc/avr/4.3.3/avr5\libgcc.a(_eq_sf.o) (__fpcmp_parts_f)
e:/programms/eclipse/eclipse neon.2+burner+driver/sdk_win_64/sdk_win_64/winavr/bin/../lib/gcc/avr/4.3.3/avr5\libgcc.a(_clz.o)
                              e:/programms/eclipse/eclipse neon.2+burner+driver/sdk_win_64/sdk_win_64/winavr/bin/../lib/gcc/avr/4.3.3/avr5\libgcc.a(_clzsi2.o) (__clz_tab)

Memory Configuration

Name             Origin             Length             Attributes
text             0x00000000         0x00020000         xr
data             0x00800060         0x0000ffa0         rw !x
eeprom           0x00810000         0x00010000         rw !x
fuse             0x00820000         0x00000400         rw !x
lock             0x00830000         0x00000400         rw !x
signature        0x00840000         0x00000400         rw !x
*default*        0x00000000         0xffffffff

Linker script and memory map

LOAD e:/programms/eclipse/eclipse neon.2+burner+driver/sdk_win_64/sdk_win_64/winavr/bin/../lib/gcc/avr/4.3.3/../../../../avr/lib/avr5/crtm32.o
LOAD ./Mcal/Timer/Timer_Prog.o
LOAD ./Mcal/GIE/GIE_Prog.o
LOAD ./Mcal/ExtInt/ExtInt.o
LOAD ./Mcal/Dio/Dio.o
LOAD ./Mcal/ADC/ADC.o
LOAD ./Hal/TempSensor/TempSensor.o
LOAD ./Hal/SSD/SSD.o
LOAD ./Hal/Relay/Relay.o
LOAD ./Hal/PushButton/PushButton.o
LOAD ./Hal/Led/Led.o
LOAD ./Hal/LCD/LCD.o
LOAD ./Hal/KeyPad/KEyPad.o
LOAD ./Hal/Buzzer/Buzzer.o
LOAD ./App/main.o
LOAD e:/programms/eclipse/eclipse neon.2+burner+driver/sdk_win_64/sdk_win_64/winavr/bin/../lib/gcc/avr/4.3.3/avr5\libgcc.a
LOAD e:/programms/eclipse/eclipse neon.2+burner+driver/sdk_win_64/sdk_win_64/winavr/bin/../lib/gcc/avr/4.3.3/../../../../avr/lib/avr5\libc.a
LOAD e:/programms/eclipse/eclipse neon.2+burner+driver/sdk_win_64/sdk_win_64/winavr/bin/../lib/gcc/avr/4.3.3/avr5\libgcc.a

.hash
 *(.hash)

.dynsym
 *(.dynsym)

.dynstr
 *(.dynstr)

.gnu.version
 *(.gnu.version)

.gnu.version_d
 *(.gnu.version_d)

.gnu.version_r
 *(.gnu.version_r)

.rel.init
 *(.rel.init)

.rela.init
 *(.rela.init)

.rel.text
 *(.rel.text)
 *(.rel.text.*)
 *(.rel.gnu.linkonce.t*)

.rela.text
 *(.rela.text)
 *(.rela.text.*)
 *(.rela.gnu.linkonce.t*)

.rel.fini
 *(.rel.fini)

.rela.fini
 *(.rela.fini)

.rel.rodata
 *(.rel.rodata)
 *(.rel.rodata.*)
 *(.rel.gnu.linkonce.r*)

.rela.rodata
 *(.rela.rodata)
 *(.rela.rodata.*)
 *(.rela.gnu.linkonce.r*)

.rel.data
 *(.rel.data)
 *(.rel.data.*)
 *(.rel.gnu.linkonce.d*)

.rela.data
 *(.rela.data)
 *(.rela.data.*)
 *(.rela.gnu.linkonce.d*)

.rel.ctors
 *(.rel.ctors)

.rela.ctors
 *(.rela.ctors)

.rel.dtors
 *(.rel.dtors)

.rela.dtors
 *(.rela.dtors)

.rel.got
 *(.rel.got)

.rela.got
 *(.rela.got)

.rel.bss
 *(.rel.bss)

.rela.bss
 *(.rela.bss)

.rel.plt
 *(.rel.plt)

.rela.plt
 *(.rela.plt)

.text           0x00000000     0x537e
 *(.vectors)
 .vectors       0x00000000       0x54 e:/programms/eclipse/eclipse neon.2+burner+driver/sdk_win_64/sdk_win_64/winavr/bin/../lib/gcc/avr/4.3.3/../../../../avr/lib/avr5/crtm32.o
                0x00000000                __vectors
                0x00000000                __vector_default
 *(.vectors)
 *(.progmem.gcc*)
 *(.progmem*)
                0x00000054                . = ALIGN (0x2)
                0x00000054                __trampolines_start = .
 *(.trampolines)
 .trampolines   0x00000054        0x0 linker stubs
 *(.trampolines*)
                0x00000054                __trampolines_end = .
 *(.jumptables)
 *(.jumptables*)
 *(.lowtext)
 *(.lowtext*)
                0x00000054                __ctors_start = .
 *(.ctors)
                0x00000054                __ctors_end = .
                0x00000054                __dtors_start = .
 *(.dtors)
                0x00000054                __dtors_end = .
 SORT(*)(.ctors)
 SORT(*)(.dtors)
 *(.init0)
 .init0         0x00000054        0x0 e:/programms/eclipse/eclipse neon.2+burner+driver/sdk_win_64/sdk_win_64/winavr/bin/../lib/gcc/avr/4.3.3/../../../../avr/lib/avr5/crtm32.o
                0x00000054                __init
 *(.init0)
 *(.init1)
 *(.init1)
 *(.init2)
 .init2         0x00000054        0xc e:/programms/eclipse/eclipse neon.2+burner+driver/sdk_win_64/sdk_win_64/winavr/bin/../lib/gcc/avr/4.3.3/../../../../avr/lib/avr5/crtm32.o
 *(.init2)
 *(.init3)
 *(.init3)
 *(.init4)
 .init4         0x00000060       0x16 e:/programms/eclipse/eclipse neon.2+burner+driver/sdk_win_64/sdk_win_64/winavr/bin/../lib/gcc/avr/4.3.3/avr5\libgcc.a(_copy_data.o)
                0x00000060                __do_copy_data
 .init4         0x00000076       0x10 e:/programms/eclipse/eclipse neon.2+burner+driver/sdk_win_64/sdk_win_64/winavr/bin/../lib/gcc/avr/4.3.3/avr5\libgcc.a(_clear_bss.o)
                0x00000076                __do_clear_bss
 *(.init4)
 *(.init5)
 *(.init5)
 *(.init6)
 *(.init6)
 *(.init7)
 *(.init7)
 *(.init8)
 *(.init8)
 *(.init9)
 .init9         0x00000086        0x8 e:/programms/eclipse/eclipse neon.2+burner+driver/sdk_win_64/sdk_win_64/winavr/bin/../lib/gcc/avr/4.3.3/../../../../avr/lib/avr5/crtm32.o
 *(.init9)
 *(.text)
 .text          0x0000008e        0x4 e:/programms/eclipse/eclipse neon.2+burner+driver/sdk_win_64/sdk_win_64/winavr/bin/../lib/gcc/avr/4.3.3/../../../../avr/lib/avr5/crtm32.o
                0x0000008e                __vector_12
                0x0000008e                __bad_interrupt
                0x0000008e                __vector_3
                0x0000008e                __vector_13
                0x0000008e                __vector_17
                0x0000008e                __vector_19
                0x0000008e                __vector_7
                0x0000008e                __vector_5
                0x0000008e                __vector_4
                0x0000008e                __vector_9
                0x0000008e                __vector_2
                0x0000008e                __vector_15
                0x0000008e                __vector_8
                0x0000008e                __vector_14
                0x0000008e                __vector_16
                0x0000008e                __vector_18
                0x0000008e                __vector_20
 .text          0x00000092        0x0 ./Mcal/Timer/Timer_Prog.o
 .text          0x00000092        0x0 ./Mcal/GIE/GIE_Prog.o
 .text          0x00000092        0x0 ./Mcal/ExtInt/ExtInt.o
 .text          0x00000092        0x0 ./Mcal/Dio/Dio.o
 .text          0x00000092        0x0 ./Mcal/ADC/ADC.o
 .text          0x00000092        0x0 ./Hal/TempSensor/TempSensor.o
 .text          0x00000092        0x0 ./Hal/SSD/SSD.o
 .text          0x00000092        0x0 ./Hal/Relay/Relay.o
 .text          0x00000092        0x0 ./Hal/PushButton/PushButton.o
 .text          0x00000092        0x0 ./Hal/Led/Led.o
 .text          0x00000092        0x0 ./Hal/LCD/LCD.o
 .text          0x00000092        0x0 ./Hal/KeyPad/KEyPad.o
 .text          0x00000092        0x0 ./Hal/Buzzer/Buzzer.o
 .text          0x00000092        0x0 ./App/main.o
 .text          0x00000092        0x0 e:/programms/eclipse/eclipse neon.2+burner+driver/sdk_win_64/sdk_win_64/winavr/bin/../lib/gcc/avr/4.3.3/avr5\libgcc.a(_udivmodqi4.o)
 .text          0x00000092        0x0 e:/programms/eclipse/eclipse neon.2+burner+driver/sdk_win_64/sdk_win_64/winavr/bin/../lib/gcc/avr/4.3.3/avr5\libgcc.a(_divmodhi4.o)
 .text          0x00000092        0x0 e:/programms/eclipse/eclipse neon.2+burner+driver/sdk_win_64/sdk_win_64/winavr/bin/../lib/gcc/avr/4.3.3/avr5\libgcc.a(_divmodsi4.o)
 .text          0x00000092        0x0 e:/programms/eclipse/eclipse neon.2+burner+driver/sdk_win_64/sdk_win_64/winavr/bin/../lib/gcc/avr/4.3.3/avr5\libgcc.a(_exit.o)
 .text          0x00000092        0x0 e:/programms/eclipse/eclipse neon.2+burner+driver/sdk_win_64/sdk_win_64/winavr/bin/../lib/gcc/avr/4.3.3/avr5\libgcc.a(_copy_data.o)
 .text          0x00000092        0x0 e:/programms/eclipse/eclipse neon.2+burner+driver/sdk_win_64/sdk_win_64/winavr/bin/../lib/gcc/avr/4.3.3/avr5\libgcc.a(_clear_bss.o)
 .text          0x00000092       0x58 e:/programms/eclipse/eclipse neon.2+burner+driver/sdk_win_64/sdk_win_64/winavr/bin/../lib/gcc/avr/4.3.3/avr5\libgcc.a(_fixunssfsi.o)
                0x00000092                __fixunssfsi
 .text          0x000000ea      0x354 e:/programms/eclipse/eclipse neon.2+burner+driver/sdk_win_64/sdk_win_64/winavr/bin/../lib/gcc/avr/4.3.3/avr5\libgcc.a(_addsub_sf.o)
                0x00000382                __subsf3
                0x000003e4                __addsf3
 .text          0x0000043e      0x1f4 e:/programms/eclipse/eclipse neon.2+burner+driver/sdk_win_64/sdk_win_64/winavr/bin/../lib/gcc/avr/4.3.3/avr5\libgcc.a(_mul_sf.o)
                0x0000043e                __mulsf3
 .text          0x00000632      0x158 e:/programms/eclipse/eclipse neon.2+burner+driver/sdk_win_64/sdk_win_64/winavr/bin/../lib/gcc/avr/4.3.3/avr5\libgcc.a(_div_sf.o)
                0x00000632                __divsf3
 .text          0x0000078a       0x60 e:/programms/eclipse/eclipse neon.2+burner+driver/sdk_win_64/sdk_win_64/winavr/bin/../lib/gcc/avr/4.3.3/avr5\libgcc.a(_eq_sf.o)
                0x0000078a                __eqsf2
 .text          0x000007ea       0x60 e:/programms/eclipse/eclipse neon.2+burner+driver/sdk_win_64/sdk_win_64/winavr/bin/../lib/gcc/avr/4.3.3/avr5\libgcc.a(_gt_sf.o)
                0x000007ea                __gtsf2
 .text          0x0000084a       0x60 e:/programms/eclipse/eclipse neon.2+burner+driver/sdk_win_64/sdk_win_64/winavr/bin/../lib/gcc/avr/4.3.3/avr5\libgcc.a(_ge_sf.o)
                0x0000084a                __gesf2
 .text          0x000008aa       0x60 e:/programms/eclipse/eclipse neon.2+burner+driver/sdk_win_64/sdk_win_64/winavr/bin/../lib/gcc/avr/4.3.3/avr5\libgcc.a(_lt_sf.o)
                0x000008aa                __ltsf2
 .text          0x0000090a       0xbc e:/programms/eclipse/eclipse neon.2+burner+driver/sdk_win_64/sdk_win_64/winavr/bin/../lib/gcc/avr/4.3.3/avr5\libgcc.a(_si_to_sf.o)
                0x0000090a                __floatsisf
 .text          0x000009c6       0xa8 e:/programms/eclipse/eclipse neon.2+burner+driver/sdk_win_64/sdk_win_64/winavr/bin/../lib/gcc/avr/4.3.3/avr5\libgcc.a(_sf_to_si.o)
                0x000009c6                __fixsfsi
 .text          0x00000a6e        0x0 e:/programms/eclipse/eclipse neon.2+burner+driver/sdk_win_64/sdk_win_64/winavr/bin/../lib/gcc/avr/4.3.3/avr5\libgcc.a(_thenan_sf.o)
 .text          0x00000a6e       0xf2 e:/programms/eclipse/eclipse neon.2+burner+driver/sdk_win_64/sdk_win_64/winavr/bin/../lib/gcc/avr/4.3.3/avr5\libgcc.a(_usi_to_sf.o)
                0x00000a6e                __floatunsisf
 .text          0x00000b60        0x0 e:/programms/eclipse/eclipse neon.2+burner+driver/sdk_win_64/sdk_win_64/winavr/bin/../lib/gcc/avr/4.3.3/avr5\libgcc.a(_udivmodhi4.o)
 .text          0x00000b60        0x0 e:/programms/eclipse/eclipse neon.2+burner+driver/sdk_win_64/sdk_win_64/winavr/bin/../lib/gcc/avr/4.3.3/avr5\libgcc.a(_udivmodsi4.o)
 .text          0x00000b60        0x0 e:/programms/eclipse/eclipse neon.2+burner+driver/sdk_win_64/sdk_win_64/winavr/bin/../lib/gcc/avr/4.3.3/avr5\libgcc.a(_prologue.o)
 .text          0x00000b60        0x0 e:/programms/eclipse/eclipse neon.2+burner+driver/sdk_win_64/sdk_win_64/winavr/bin/../lib/gcc/avr/4.3.3/avr5\libgcc.a(_epilogue.o)
 .text          0x00000b60       0x9e e:/programms/eclipse/eclipse neon.2+burner+driver/sdk_win_64/sdk_win_64/winavr/bin/../lib/gcc/avr/4.3.3/avr5\libgcc.a(_clzsi2.o)
                0x00000b60                __clzsi2
 .text          0x00000bfe      0x1aa e:/programms/eclipse/eclipse neon.2+burner+driver/sdk_win_64/sdk_win_64/winavr/bin/../lib/gcc/avr/4.3.3/avr5\libgcc.a(_pack_sf.o)
                0x00000bfe                __pack_f
 .text          0x00000da8       0xf0 e:/programms/eclipse/eclipse neon.2+burner+driver/sdk_win_64/sdk_win_64/winavr/bin/../lib/gcc/avr/4.3.3/avr5\libgcc.a(_unpack_sf.o)
                0x00000da8                __unpack_f
 .text          0x00000e98       0xb2 e:/programms/eclipse/eclipse neon.2+burner+driver/sdk_win_64/sdk_win_64/winavr/bin/../lib/gcc/avr/4.3.3/avr5\libgcc.a(_fpcmp_parts_sf.o)
                0x00000e98                __fpcmp_parts_f
 .text          0x00000f4a        0x0 e:/programms/eclipse/eclipse neon.2+burner+driver/sdk_win_64/sdk_win_64/winavr/bin/../lib/gcc/avr/4.3.3/avr5\libgcc.a(_clz.o)
                0x00000f4a                . = ALIGN (0x2)
 *(.text.*)
 .text.M_Timer0_Void_Init
                0x00000f4a       0x3a ./Mcal/Timer/Timer_Prog.o
                0x00000f4a                M_Timer0_Void_Init
 .text.M_Timer0_Void_StartTimer
                0x00000f84       0x1e ./Mcal/Timer/Timer_Prog.o
                0x00000f84                M_Timer0_Void_StartTimer
 .text.M_Timer0_Void_StopTimer
                0x00000fa2       0x1c ./Mcal/Timer/Timer_Prog.o
                0x00000fa2                M_Timer0_Void_StopTimer
 .text.M_Timer0_Void_InterruptEnable
                0x00000fbe       0x56 ./Mcal/Timer/Timer_Prog.o
                0x00000fbe                M_Timer0_Void_InterruptEnable
 .text.M_Timer0_Void_InterruptDisable
                0x00001014       0x56 ./Mcal/Timer/Timer_Prog.o
                0x00001014                M_Timer0_Void_InterruptDisable
 .text.M_Timer0_Void_SetPreload
                0x0000106a       0x1c ./Mcal/Timer/Timer_Prog.o
                0x0000106a                M_Timer0_Void_SetPreload
 .text.M_Timer0_Void_SetCmpMatch
                0x00001086       0x1c ./Mcal/Timer/Timer_Prog.o
                0x00001086                M_Timer0_Void_SetCmpMatch
 .text.M_Timer0_Void_SetCallBackFun
                0x000010a2       0x5c ./Mcal/Timer/Timer_Prog.o
                0x000010a2                M_Timer0_Void_SetCallBackFun
 .text.__vector_11
                0x000010fe       0x66 ./Mcal/Timer/Timer_Prog.o
                0x000010fe                __vector_11
 .text.__vector_10
                0x00001164       0x66 ./Mcal/Timer/Timer_Prog.o
                0x00001164                __vector_10
 .text.M_Timer0_Void_SetFastPWM
                0x000011ca       0x68 ./Mcal/Timer/Timer_Prog.o
                0x000011ca                M_Timer0_Void_SetFastPWM
 .text.M_Timer0_Void_SetPhaseCorrectPWM
                0x00001232       0x14 ./Mcal/Timer/Timer_Prog.o
                0x00001232                M_Timer0_Void_SetPhaseCorrectPWM
 .text.M_Timer1_Void_Init
                0x00001246       0x70 ./Mcal/Timer/Timer_Prog.o
                0x00001246                M_Timer1_Void_Init
 .text.M_Timer1_Void_ICUInit
                0x000012b6       0x1c ./Mcal/Timer/Timer_Prog.o
                0x000012b6                M_Timer1_Void_ICUInit
 .text.M_Timer1_Void_Settrigger
                0x000012d2       0x56 ./Mcal/Timer/Timer_Prog.o
                0x000012d2                M_Timer1_Void_Settrigger
 .text.M_Timer1_Void_InterruptEnable
                0x00001328       0x1c ./Mcal/Timer/Timer_Prog.o
                0x00001328                M_Timer1_Void_InterruptEnable
 .text.M_Timer1_Void_InterruptDisable
                0x00001344       0x1c ./Mcal/Timer/Timer_Prog.o
                0x00001344                M_Timer1_Void_InterruptDisable
 .text.M_Timer1_Void_SetCallBackFun
                0x00001360       0x24 ./Mcal/Timer/Timer_Prog.o
                0x00001360                M_Timer1_Void_SetCallBackFun
 .text.M_Timer1_Void_InputCapture
                0x00001384       0x16 ./Mcal/Timer/Timer_Prog.o
                0x00001384                M_Timer1_Void_InputCapture
 .text.__vector_6
                0x0000139a       0x66 ./Mcal/Timer/Timer_Prog.o
                0x0000139a                __vector_6
 .text.M_GIE_Void_Enable
                0x00001400       0x10 ./Mcal/GIE/GIE_Prog.o
                0x00001400                M_GIE_Void_Enable
 .text.M_GIE_Void_Disable
                0x00001410       0x10 ./Mcal/GIE/GIE_Prog.o
                0x00001410                M_GIE_Void_Disable
 .text.M_ExtInt_Void_ExtInt0Init
                0x00001420       0x46 ./Mcal/ExtInt/ExtInt.o
                0x00001420                M_ExtInt_Void_ExtInt0Init
 .text.M_ExtInt_Void_ExtInt0SetCallBack
                0x00001466       0x24 ./Mcal/ExtInt/ExtInt.o
                0x00001466                M_ExtInt_Void_ExtInt0SetCallBack
 .text.__vector_1
                0x0000148a       0x5a ./Mcal/ExtInt/ExtInt.o
                0x0000148a                __vector_1
 .text.M_Dio_Void_PinMode
                0x000014e4      0x22c ./Mcal/Dio/Dio.o
                0x000014e4                M_Dio_Void_PinMode
 .text.M_Dio_Void_PinWrite
                0x00001710      0x22c ./Mcal/Dio/Dio.o
                0x00001710                M_Dio_Void_PinWrite
 .text.M_Dio_Void_PinTog
                0x0000193c      0x118 ./Mcal/Dio/Dio.o
                0x0000193c                M_Dio_Void_PinTog
 .text.M_Dio_U8_PinRead
                0x00001a54      0x10e ./Mcal/Dio/Dio.o
                0x00001a54                M_Dio_U8_PinRead
 .text.M_ADC_Void_ADCInit
                0x00001b62       0xc4 ./Mcal/ADC/ADC.o
                0x00001b62                M_ADC_Void_ADCInit
 .text.M_ADC_U16_ADCRead
                0x00001c26       0x3a ./Mcal/ADC/ADC.o
                0x00001c26                M_ADC_U16_ADCRead
 .text.H_TempSensor_Void_TempSensorInit
                0x00001c60       0x12 ./Hal/TempSensor/TempSensor.o
                0x00001c60                H_TempSensor_Void_TempSensorInit
 .text.H_TempSensor_U8_TempSensorRead
                0x00001c72       0x66 ./Hal/TempSensor/TempSensor.o
                0x00001c72                H_TempSensor_U8_TempSensorRead
 .text.H_SSD_Void_SSDInit
                0x00001cd8       0x5e ./Hal/SSD/SSD.o
                0x00001cd8                H_SSD_Void_SSDInit
 .text.H_SSD_Void_SSDDisplay
                0x00001d36      0x806 ./Hal/SSD/SSD.o
                0x00001d36                H_SSD_Void_SSDDisplay
 .text.H_SSD_Void_SSDCountUp
                0x0000253c      0x128 ./Hal/SSD/SSD.o
                0x0000253c                H_SSD_Void_SSDCountUp
 .text.H_SSD_Void_SSDCountDown
                0x00002664      0x13a ./Hal/SSD/SSD.o
                0x00002664                H_SSD_Void_SSDCountDown
 .text.H_Relay_Void_RelayInit
                0x0000279e       0x4c ./Hal/Relay/Relay.o
                0x0000279e                H_Relay_Void_RelayInit
 .text.H_Relay_Void_RelayOn
                0x000027ea       0x4c ./Hal/Relay/Relay.o
                0x000027ea                H_Relay_Void_RelayOn
 .text.H_Relay_Void_RelayOff
                0x00002836       0x4c ./Hal/Relay/Relay.o
                0x00002836                H_Relay_Void_RelayOff
 .text.H_Relay_Void_RelayTog
                0x00002882       0x48 ./Hal/Relay/Relay.o
                0x00002882                H_Relay_Void_RelayTog
 .text.H_PushButton_Void_PushButtonInit
                0x000028ca       0x80 ./Hal/PushButton/PushButton.o
                0x000028ca                H_PushButton_Void_PushButtonInit
 .text.H_PushButton_Void_PushButtonRead
                0x0000294a      0x4a8 ./Hal/PushButton/PushButton.o
                0x0000294a                H_PushButton_Void_PushButtonRead
 .text.H_Led_Void_LedInit
                0x00002df2       0x5e ./Hal/Led/Led.o
                0x00002df2                H_Led_Void_LedInit
 .text.H_Led_Void_LedOn
                0x00002e50       0x5e ./Hal/Led/Led.o
                0x00002e50                H_Led_Void_LedOn
 .text.H_Led_Void_LedOff
                0x00002eae       0x5e ./Hal/Led/Led.o
                0x00002eae                H_Led_Void_LedOff
 .text.H_Led_Void_LedBlink
                0x00002f0c      0x1fc ./Hal/Led/Led.o
                0x00002f0c                H_Led_Void_LedBlink
 .text.H_Led_Void_LedTog
                0x00003108       0x58 ./Hal/Led/Led.o
                0x00003108                H_Led_Void_LedTog
 .text.H_LCD_Void_LCDInit
                0x00003160      0x242 ./Hal/LCD/LCD.o
                0x00003160                H_LCD_Void_LCDInit
 .text.H_LCD_Void_LCDWriteCharacter
                0x000033a2      0x41e ./Hal/LCD/LCD.o
                0x000033a2                H_LCD_Void_LCDWriteCharacter
 .text.H_LCD_Void_LCDWriteCommand
                0x000037c0      0x41e ./Hal/LCD/LCD.o
                0x000037c0                H_LCD_Void_LCDWriteCommand
 .text.H_LCD_Void_LCDWriteString
                0x00003bde      0x144 ./Hal/LCD/LCD.o
                0x00003bde                H_LCD_Void_LCDWriteString
 .text.H_LCD_Void_LCDWriteNumber
                0x00003d22      0x270 ./Hal/LCD/LCD.o
                0x00003d22                H_LCD_Void_LCDWriteNumber
 .text.H_LCD_Void_LCDGoto
                0x00003f92       0x40 ./Hal/LCD/LCD.o
                0x00003f92                H_LCD_Void_LCDGoto
 .text.H_LCD_Void_LCDClr
                0x00003fd2      0x110 ./Hal/LCD/LCD.o
                0x00003fd2                H_LCD_Void_LCDClr
 .text.H_KeyPad_Void_KeyPadInit
                0x000040e2       0x6e ./Hal/KeyPad/KEyPad.o
                0x000040e2                H_KeyPad_Void_KeyPadInit
 .text.H_KeyPad_U8_KeyPadRead
                0x00004150      0x1de ./Hal/KeyPad/KEyPad.o
                0x00004150                H_KeyPad_U8_KeyPadRead
 .text.H_Buzzer_Void_BuzzerInit
                0x0000432e       0x16 ./Hal/Buzzer/Buzzer.o
                0x0000432e                H_Buzzer_Void_BuzzerInit
 .text.H_Buzzer_Void_BuzzerOn
                0x00004344       0x16 ./Hal/Buzzer/Buzzer.o
                0x00004344                H_Buzzer_Void_BuzzerOn
 .text.H_Buzzer_Void_BuzzerOff
                0x0000435a       0x16 ./Hal/Buzzer/Buzzer.o
                0x0000435a                H_Buzzer_Void_BuzzerOff
 .text.H_Buzzer_Void_BuzzerOnce
                0x00004370      0x112 ./Hal/Buzzer/Buzzer.o
                0x00004370                H_Buzzer_Void_BuzzerOnce
 .text.H_Buzzer_Void_BuzzerTwice
                0x00004482      0x2e2 ./Hal/Buzzer/Buzzer.o
                0x00004482                H_Buzzer_Void_BuzzerTwice
 .text.H_Buzzer_Void_BuzzerTriple
                0x00004764      0x4e4 ./Hal/Buzzer/Buzzer.o
                0x00004764                H_Buzzer_Void_BuzzerTriple
 .text.H_Buzzer_Void_BuzzerLong
                0x00004c48      0x112 ./Hal/Buzzer/Buzzer.o
                0x00004c48                H_Buzzer_Void_BuzzerLong
 .text.main     0x00004d5a      0x444 ./App/main.o
                0x00004d5a                main
 .text.ICU_HW   0x0000519e       0x8e ./App/main.o
                0x0000519e                ICU_HW
 .text.libgcc   0x0000522c       0x18 e:/programms/eclipse/eclipse neon.2+burner+driver/sdk_win_64/sdk_win_64/winavr/bin/../lib/gcc/avr/4.3.3/avr5\libgcc.a(_udivmodqi4.o)
                0x0000522c                __udivmodqi4
 .text.libgcc   0x00005244       0x26 e:/programms/eclipse/eclipse neon.2+burner+driver/sdk_win_64/sdk_win_64/winavr/bin/../lib/gcc/avr/4.3.3/avr5\libgcc.a(_divmodhi4.o)
                0x00005244                __divmodhi4
                0x00005244                _div
 .text.libgcc   0x0000526a       0x36 e:/programms/eclipse/eclipse neon.2+burner+driver/sdk_win_64/sdk_win_64/winavr/bin/../lib/gcc/avr/4.3.3/avr5\libgcc.a(_divmodsi4.o)
                0x0000526a                __divmodsi4
 .text.libgcc   0x000052a0        0x0 e:/programms/eclipse/eclipse neon.2+burner+driver/sdk_win_64/sdk_win_64/winavr/bin/../lib/gcc/avr/4.3.3/avr5\libgcc.a(_exit.o)
 .text.libgcc   0x000052a0        0x0 e:/programms/eclipse/eclipse neon.2+burner+driver/sdk_win_64/sdk_win_64/winavr/bin/../lib/gcc/avr/4.3.3/avr5\libgcc.a(_copy_data.o)
 .text.libgcc   0x000052a0        0x0 e:/programms/eclipse/eclipse neon.2+burner+driver/sdk_win_64/sdk_win_64/winavr/bin/../lib/gcc/avr/4.3.3/avr5\libgcc.a(_clear_bss.o)
 .text.libgcc   0x000052a0       0x28 e:/programms/eclipse/eclipse neon.2+burner+driver/sdk_win_64/sdk_win_64/winavr/bin/../lib/gcc/avr/4.3.3/avr5\libgcc.a(_udivmodhi4.o)
                0x000052a0                __udivmodhi4
 .text.libgcc   0x000052c8       0x44 e:/programms/eclipse/eclipse neon.2+burner+driver/sdk_win_64/sdk_win_64/winavr/bin/../lib/gcc/avr/4.3.3/avr5\libgcc.a(_udivmodsi4.o)
                0x000052c8                __udivmodsi4
 .text.libgcc   0x0000530c       0x38 e:/programms/eclipse/eclipse neon.2+burner+driver/sdk_win_64/sdk_win_64/winavr/bin/../lib/gcc/avr/4.3.3/avr5\libgcc.a(_prologue.o)
                0x0000530c                __prologue_saves__
 .text.libgcc   0x00005344       0x36 e:/programms/eclipse/eclipse neon.2+burner+driver/sdk_win_64/sdk_win_64/winavr/bin/../lib/gcc/avr/4.3.3/avr5\libgcc.a(_epilogue.o)
                0x00005344                __epilogue_restores__
                0x0000537a                . = ALIGN (0x2)
 *(.fini9)
 .fini9         0x0000537a        0x0 e:/programms/eclipse/eclipse neon.2+burner+driver/sdk_win_64/sdk_win_64/winavr/bin/../lib/gcc/avr/4.3.3/avr5\libgcc.a(_exit.o)
                0x0000537a                exit
                0x0000537a                _exit
 *(.fini9)
 *(.fini8)
 *(.fini8)
 *(.fini7)
 *(.fini7)
 *(.fini6)
 *(.fini6)
 *(.fini5)
 *(.fini5)
 *(.fini4)
 *(.fini4)
 *(.fini3)
 *(.fini3)
 *(.fini2)
 *(.fini2)
 *(.fini1)
 *(.fini1)
 *(.fini0)
 .fini0         0x0000537a        0x4 e:/programms/eclipse/eclipse neon.2+burner+driver/sdk_win_64/sdk_win_64/winavr/bin/../lib/gcc/avr/4.3.3/avr5\libgcc.a(_exit.o)
 *(.fini0)
                0x0000537e                _etext = .

.data           0x00800060      0x144 load address 0x0000537e
                0x00800060                PROVIDE (__data_start, .)
 *(.data)
 .data          0x00800060        0x0 e:/programms/eclipse/eclipse neon.2+burner+driver/sdk_win_64/sdk_win_64/winavr/bin/../lib/gcc/avr/4.3.3/../../../../avr/lib/avr5/crtm32.o
 .data          0x00800060        0x0 ./Mcal/Timer/Timer_Prog.o
 .data          0x00800060        0x0 ./Mcal/GIE/GIE_Prog.o
 .data          0x00800060        0x0 ./Mcal/ExtInt/ExtInt.o
 .data          0x00800060        0x0 ./Mcal/Dio/Dio.o
 .data          0x00800060        0x0 ./Mcal/ADC/ADC.o
 .data          0x00800060        0x0 ./Hal/TempSensor/TempSensor.o
 .data          0x00800060        0x0 ./Hal/SSD/SSD.o
 .data          0x00800060        0x0 ./Hal/Relay/Relay.o
 .data          0x00800060        0x0 ./Hal/PushButton/PushButton.o
 .data          0x00800060        0x0 ./Hal/Led/Led.o
 .data          0x00800060        0x0 ./Hal/LCD/LCD.o
 .data          0x00800060        0x0 ./Hal/KeyPad/KEyPad.o
 .data          0x00800060        0x0 ./Hal/Buzzer/Buzzer.o
 .data          0x00800060       0x2b ./App/main.o
 .data          0x0080008b        0x0 e:/programms/eclipse/eclipse neon.2+burner+driver/sdk_win_64/sdk_win_64/winavr/bin/../lib/gcc/avr/4.3.3/avr5\libgcc.a(_udivmodqi4.o)
 .data          0x0080008b        0x0 e:/programms/eclipse/eclipse neon.2+burner+driver/sdk_win_64/sdk_win_64/winavr/bin/../lib/gcc/avr/4.3.3/avr5\libgcc.a(_divmodhi4.o)
 .data          0x0080008b        0x0 e:/programms/eclipse/eclipse neon.2+burner+driver/sdk_win_64/sdk_win_64/winavr/bin/../lib/gcc/avr/4.3.3/avr5\libgcc.a(_divmodsi4.o)
 .data          0x0080008b        0x0 e:/programms/eclipse/eclipse neon.2+burner+driver/sdk_win_64/sdk_win_64/winavr/bin/../lib/gcc/avr/4.3.3/avr5\libgcc.a(_exit.o)
 .data          0x0080008b        0x0 e:/programms/eclipse/eclipse neon.2+burner+driver/sdk_win_64/sdk_win_64/winavr/bin/../lib/gcc/avr/4.3.3/avr5\libgcc.a(_copy_data.o)
 .data          0x0080008b        0x0 e:/programms/eclipse/eclipse neon.2+burner+driver/sdk_win_64/sdk_win_64/winavr/bin/../lib/gcc/avr/4.3.3/avr5\libgcc.a(_clear_bss.o)
 .data          0x0080008b        0x0 e:/programms/eclipse/eclipse neon.2+burner+driver/sdk_win_64/sdk_win_64/winavr/bin/../lib/gcc/avr/4.3.3/avr5\libgcc.a(_fixunssfsi.o)
 .data          0x0080008b        0x0 e:/programms/eclipse/eclipse neon.2+burner+driver/sdk_win_64/sdk_win_64/winavr/bin/../lib/gcc/avr/4.3.3/avr5\libgcc.a(_addsub_sf.o)
 .data          0x0080008b        0x0 e:/programms/eclipse/eclipse neon.2+burner+driver/sdk_win_64/sdk_win_64/winavr/bin/../lib/gcc/avr/4.3.3/avr5\libgcc.a(_mul_sf.o)
 .data          0x0080008b        0x0 e:/programms/eclipse/eclipse neon.2+burner+driver/sdk_win_64/sdk_win_64/winavr/bin/../lib/gcc/avr/4.3.3/avr5\libgcc.a(_div_sf.o)
 .data          0x0080008b        0x0 e:/programms/eclipse/eclipse neon.2+burner+driver/sdk_win_64/sdk_win_64/winavr/bin/../lib/gcc/avr/4.3.3/avr5\libgcc.a(_eq_sf.o)
 .data          0x0080008b        0x0 e:/programms/eclipse/eclipse neon.2+burner+driver/sdk_win_64/sdk_win_64/winavr/bin/../lib/gcc/avr/4.3.3/avr5\libgcc.a(_gt_sf.o)
 .data          0x0080008b        0x0 e:/programms/eclipse/eclipse neon.2+burner+driver/sdk_win_64/sdk_win_64/winavr/bin/../lib/gcc/avr/4.3.3/avr5\libgcc.a(_ge_sf.o)
 .data          0x0080008b        0x0 e:/programms/eclipse/eclipse neon.2+burner+driver/sdk_win_64/sdk_win_64/winavr/bin/../lib/gcc/avr/4.3.3/avr5\libgcc.a(_lt_sf.o)
 .data          0x0080008b        0x0 e:/programms/eclipse/eclipse neon.2+burner+driver/sdk_win_64/sdk_win_64/winavr/bin/../lib/gcc/avr/4.3.3/avr5\libgcc.a(_si_to_sf.o)
 .data          0x0080008b        0x0 e:/programms/eclipse/eclipse neon.2+burner+driver/sdk_win_64/sdk_win_64/winavr/bin/../lib/gcc/avr/4.3.3/avr5\libgcc.a(_sf_to_si.o)
 .data          0x0080008b        0x8 e:/programms/eclipse/eclipse neon.2+burner+driver/sdk_win_64/sdk_win_64/winavr/bin/../lib/gcc/avr/4.3.3/avr5\libgcc.a(_thenan_sf.o)
                0x0080008b                __thenan_sf
 .data          0x00800093        0x0 e:/programms/eclipse/eclipse neon.2+burner+driver/sdk_win_64/sdk_win_64/winavr/bin/../lib/gcc/avr/4.3.3/avr5\libgcc.a(_usi_to_sf.o)
 .data          0x00800093        0x0 e:/programms/eclipse/eclipse neon.2+burner+driver/sdk_win_64/sdk_win_64/winavr/bin/../lib/gcc/avr/4.3.3/avr5\libgcc.a(_udivmodhi4.o)
 .data          0x00800093        0x0 e:/programms/eclipse/eclipse neon.2+burner+driver/sdk_win_64/sdk_win_64/winavr/bin/../lib/gcc/avr/4.3.3/avr5\libgcc.a(_udivmodsi4.o)
 .data          0x00800093        0x0 e:/programms/eclipse/eclipse neon.2+burner+driver/sdk_win_64/sdk_win_64/winavr/bin/../lib/gcc/avr/4.3.3/avr5\libgcc.a(_prologue.o)
 .data          0x00800093        0x0 e:/programms/eclipse/eclipse neon.2+burner+driver/sdk_win_64/sdk_win_64/winavr/bin/../lib/gcc/avr/4.3.3/avr5\libgcc.a(_epilogue.o)
 .data          0x00800093        0x0 e:/programms/eclipse/eclipse neon.2+burner+driver/sdk_win_64/sdk_win_64/winavr/bin/../lib/gcc/avr/4.3.3/avr5\libgcc.a(_clzsi2.o)
 .data          0x00800093        0x0 e:/programms/eclipse/eclipse neon.2+burner+driver/sdk_win_64/sdk_win_64/winavr/bin/../lib/gcc/avr/4.3.3/avr5\libgcc.a(_pack_sf.o)
 .data          0x00800093        0x0 e:/programms/eclipse/eclipse neon.2+burner+driver/sdk_win_64/sdk_win_64/winavr/bin/../lib/gcc/avr/4.3.3/avr5\libgcc.a(_unpack_sf.o)
 .data          0x00800093        0x0 e:/programms/eclipse/eclipse neon.2+burner+driver/sdk_win_64/sdk_win_64/winavr/bin/../lib/gcc/avr/4.3.3/avr5\libgcc.a(_fpcmp_parts_sf.o)
 .data          0x00800093      0x100 e:/programms/eclipse/eclipse neon.2+burner+driver/sdk_win_64/sdk_win_64/winavr/bin/../lib/gcc/avr/4.3.3/avr5\libgcc.a(_clz.o)
                0x00800093                __clz_tab
 *(.data*)
 .data.StateCounter
                0x00800193        0x1 ./App/main.o
                0x00800193                StateCounter
 *(.rodata)
 *(.rodata*)
 .rodata.C.0.1290
                0x00800194       0x10 ./Hal/KeyPad/KEyPad.o
 *(.gnu.linkonce.d*)
                0x008001a4                . = ALIGN (0x2)
                0x008001a4                _edata = .
                0x008001a4                PROVIDE (__data_end, .)

.bss            0x008001a4       0x10
                0x008001a4                PROVIDE (__bss_start, .)
 *(.bss)
 .bss           0x008001a4        0x0 e:/programms/eclipse/eclipse neon.2+burner+driver/sdk_win_64/sdk_win_64/winavr/bin/../lib/gcc/avr/4.3.3/../../../../avr/lib/avr5/crtm32.o
 .bss           0x008001a4        0x0 ./Mcal/Timer/Timer_Prog.o
 .bss           0x008001a4        0x0 ./Mcal/GIE/GIE_Prog.o
 .bss           0x008001a4        0x0 ./Mcal/ExtInt/ExtInt.o
 .bss           0x008001a4        0x0 ./Mcal/Dio/Dio.o
 .bss           0x008001a4        0x0 ./Mcal/ADC/ADC.o
 .bss           0x008001a4        0x0 ./Hal/TempSensor/TempSensor.o
 .bss           0x008001a4        0x0 ./Hal/SSD/SSD.o
 .bss           0x008001a4        0x0 ./Hal/Relay/Relay.o
 .bss           0x008001a4        0x0 ./Hal/PushButton/PushButton.o
 .bss           0x008001a4        0x0 ./Hal/Led/Led.o
 .bss           0x008001a4        0x0 ./Hal/LCD/LCD.o
 .bss           0x008001a4        0x0 ./Hal/KeyPad/KEyPad.o
 .bss           0x008001a4        0x0 ./Hal/Buzzer/Buzzer.o
 .bss           0x008001a4        0x0 ./App/main.o
 .bss           0x008001a4        0x0 e:/programms/eclipse/eclipse neon.2+burner+driver/sdk_win_64/sdk_win_64/winavr/bin/../lib/gcc/avr/4.3.3/avr5\libgcc.a(_udivmodqi4.o)
 .bss           0x008001a4        0x0 e:/programms/eclipse/eclipse neon.2+burner+driver/sdk_win_64/sdk_win_64/winavr/bin/../lib/gcc/avr/4.3.3/avr5\libgcc.a(_divmodhi4.o)
 .bss           0x008001a4        0x0 e:/programms/eclipse/eclipse neon.2+burner+driver/sdk_win_64/sdk_win_64/winavr/bin/../lib/gcc/avr/4.3.3/avr5\libgcc.a(_divmodsi4.o)
 .bss           0x008001a4        0x0 e:/programms/eclipse/eclipse neon.2+burner+driver/sdk_win_64/sdk_win_64/winavr/bin/../lib/gcc/avr/4.3.3/avr5\libgcc.a(_exit.o)
 .bss           0x008001a4        0x0 e:/programms/eclipse/eclipse neon.2+burner+driver/sdk_win_64/sdk_win_64/winavr/bin/../lib/gcc/avr/4.3.3/avr5\libgcc.a(_copy_data.o)
 .bss           0x008001a4        0x0 e:/programms/eclipse/eclipse neon.2+burner+driver/sdk_win_64/sdk_win_64/winavr/bin/../lib/gcc/avr/4.3.3/avr5\libgcc.a(_clear_bss.o)
 .bss           0x008001a4        0x0 e:/programms/eclipse/eclipse neon.2+burner+driver/sdk_win_64/sdk_win_64/winavr/bin/../lib/gcc/avr/4.3.3/avr5\libgcc.a(_fixunssfsi.o)
 .bss           0x008001a4        0x0 e:/programms/eclipse/eclipse neon.2+burner+driver/sdk_win_64/sdk_win_64/winavr/bin/../lib/gcc/avr/4.3.3/avr5\libgcc.a(_addsub_sf.o)
 .bss           0x008001a4        0x0 e:/programms/eclipse/eclipse neon.2+burner+driver/sdk_win_64/sdk_win_64/winavr/bin/../lib/gcc/avr/4.3.3/avr5\libgcc.a(_mul_sf.o)
 .bss           0x008001a4        0x0 e:/programms/eclipse/eclipse neon.2+burner+driver/sdk_win_64/sdk_win_64/winavr/bin/../lib/gcc/avr/4.3.3/avr5\libgcc.a(_div_sf.o)
 .bss           0x008001a4        0x0 e:/programms/eclipse/eclipse neon.2+burner+driver/sdk_win_64/sdk_win_64/winavr/bin/../lib/gcc/avr/4.3.3/avr5\libgcc.a(_eq_sf.o)
 .bss           0x008001a4        0x0 e:/programms/eclipse/eclipse neon.2+burner+driver/sdk_win_64/sdk_win_64/winavr/bin/../lib/gcc/avr/4.3.3/avr5\libgcc.a(_gt_sf.o)
 .bss           0x008001a4        0x0 e:/programms/eclipse/eclipse neon.2+burner+driver/sdk_win_64/sdk_win_64/winavr/bin/../lib/gcc/avr/4.3.3/avr5\libgcc.a(_ge_sf.o)
 .bss           0x008001a4        0x0 e:/programms/eclipse/eclipse neon.2+burner+driver/sdk_win_64/sdk_win_64/winavr/bin/../lib/gcc/avr/4.3.3/avr5\libgcc.a(_lt_sf.o)
 .bss           0x008001a4        0x0 e:/programms/eclipse/eclipse neon.2+burner+driver/sdk_win_64/sdk_win_64/winavr/bin/../lib/gcc/avr/4.3.3/avr5\libgcc.a(_si_to_sf.o)
 .bss           0x008001a4        0x0 e:/programms/eclipse/eclipse neon.2+burner+driver/sdk_win_64/sdk_win_64/winavr/bin/../lib/gcc/avr/4.3.3/avr5\libgcc.a(_sf_to_si.o)
 .bss           0x008001a4        0x0 e:/programms/eclipse/eclipse neon.2+burner+driver/sdk_win_64/sdk_win_64/winavr/bin/../lib/gcc/avr/4.3.3/avr5\libgcc.a(_thenan_sf.o)
 .bss           0x008001a4        0x0 e:/programms/eclipse/eclipse neon.2+burner+driver/sdk_win_64/sdk_win_64/winavr/bin/../lib/gcc/avr/4.3.3/avr5\libgcc.a(_usi_to_sf.o)
 .bss           0x008001a4        0x0 e:/programms/eclipse/eclipse neon.2+burner+driver/sdk_win_64/sdk_win_64/winavr/bin/../lib/gcc/avr/4.3.3/avr5\libgcc.a(_udivmodhi4.o)
 .bss           0x008001a4        0x0 e:/programms/eclipse/eclipse neon.2+burner+driver/sdk_win_64/sdk_win_64/winavr/bin/../lib/gcc/avr/4.3.3/avr5\libgcc.a(_udivmodsi4.o)
 .bss           0x008001a4        0x0 e:/programms/eclipse/eclipse neon.2+burner+driver/sdk_win_64/sdk_win_64/winavr/bin/../lib/gcc/avr/4.3.3/avr5\libgcc.a(_prologue.o)
 .bss           0x008001a4        0x0 e:/programms/eclipse/eclipse neon.2+burner+driver/sdk_win_64/sdk_win_64/winavr/bin/../lib/gcc/avr/4.3.3/avr5\libgcc.a(_epilogue.o)
 .bss           0x008001a4        0x0 e:/programms/eclipse/eclipse neon.2+burner+driver/sdk_win_64/sdk_win_64/winavr/bin/../lib/gcc/avr/4.3.3/avr5\libgcc.a(_clzsi2.o)
 .bss           0x008001a4        0x0 e:/programms/eclipse/eclipse neon.2+burner+driver/sdk_win_64/sdk_win_64/winavr/bin/../lib/gcc/avr/4.3.3/avr5\libgcc.a(_pack_sf.o)
 .bss           0x008001a4        0x0 e:/programms/eclipse/eclipse neon.2+burner+driver/sdk_win_64/sdk_win_64/winavr/bin/../lib/gcc/avr/4.3.3/avr5\libgcc.a(_unpack_sf.o)
 .bss           0x008001a4        0x0 e:/programms/eclipse/eclipse neon.2+burner+driver/sdk_win_64/sdk_win_64/winavr/bin/../lib/gcc/avr/4.3.3/avr5\libgcc.a(_fpcmp_parts_sf.o)
 .bss           0x008001a4        0x0 e:/programms/eclipse/eclipse neon.2+burner+driver/sdk_win_64/sdk_win_64/winavr/bin/../lib/gcc/avr/4.3.3/avr5\libgcc.a(_clz.o)
 *(.bss*)
 .bss.PV_CallBack
                0x008001a4        0x4 ./Mcal/Timer/Timer_Prog.o
 .bss.PV_ICU_CallBack
                0x008001a8        0x2 ./Mcal/Timer/Timer_Prog.o
 .bss.ExtInt_CallBack
                0x008001aa        0x2 ./Mcal/ExtInt/ExtInt.o
                0x008001aa                ExtInt_CallBack
 .bss.x         0x008001ac        0x2 ./Mcal/ADC/ADC.o
                0x008001ac                x
 .bss.Reading1  0x008001ae        0x2 ./App/main.o
                0x008001ae                Reading1
 .bss.Reading2  0x008001b0        0x2 ./App/main.o
                0x008001b0                Reading2
 .bss.Reading3  0x008001b2        0x2 ./App/main.o
                0x008001b2                Reading3
 *(COMMON)
                0x008001b4                PROVIDE (__bss_end, .)
                0x0000537e                __data_load_start = LOADADDR (.data)
                0x000054c2                __data_load_end = (__data_load_start + SIZEOF (.data))

.noinit         0x008001b4        0x0
                0x008001b4                PROVIDE (__noinit_start, .)
 *(.noinit*)
                0x008001b4                PROVIDE (__noinit_end, .)
                0x008001b4                _end = .
                0x008001b4                PROVIDE (__heap_start, .)

.eeprom         0x00810000        0x0
 *(.eeprom*)
                0x00810000                __eeprom_end = .

.fuse
 *(.fuse)
 *(.lfuse)
 *(.hfuse)
 *(.efuse)

.lock
 *(.lock*)

.signature
 *(.signature*)

.stab           0x00000000     0x51e4
 *(.stab)
 .stab          0x00000000      0x900 ./Mcal/Timer/Timer_Prog.o
 .stab          0x00000900      0x144 ./Mcal/GIE/GIE_Prog.o
                                0x1bc (size before relaxing)
 .stab          0x00000a44      0x240 ./Mcal/ExtInt/ExtInt.o
                                0x474 (size before relaxing)
 .stab          0x00000c84      0x4d4 ./Mcal/Dio/Dio.o
                                0x6d8 (size before relaxing)
 .stab          0x00001158      0x270 ./Mcal/ADC/ADC.o
                                0x4bc (size before relaxing)
 .stab          0x000013c8      0x204 ./Hal/TempSensor/TempSensor.o
                                0x450 (size before relaxing)
 .stab          0x000015cc      0xd14 ./Hal/SSD/SSD.o
                                0xf30 (size before relaxing)
 .stab          0x000022e0      0x288 ./Hal/Relay/Relay.o
                                0x4a4 (size before relaxing)
 .stab          0x00002568      0x5dc ./Hal/PushButton/PushButton.o
                                0x7f8 (size before relaxing)
 .stab          0x00002b44      0x474 ./Hal/Led/Led.o
                                0x690 (size before relaxing)
 .stab          0x00002fb8      0xe94 ./Hal/LCD/LCD.o
                               0x10b0 (size before relaxing)
 .stab          0x00003e4c      0x3c0 ./Hal/KeyPad/KEyPad.o
                                0x5dc (size before relaxing)
 .stab          0x0000420c      0xa08 ./Hal/Buzzer/Buzzer.o
                                0xc24 (size before relaxing)
 .stab          0x00004c14      0x5d0 ./App/main.o
                                0x7e0 (size before relaxing)

.stabstr        0x00000000     0x1aeb
 *(.stabstr)
 .stabstr       0x00000000     0x1aeb ./Mcal/Timer/Timer_Prog.o

.stab.excl
 *(.stab.excl)

.stab.exclstr
 *(.stab.exclstr)

.stab.index
 *(.stab.index)

.stab.indexstr
 *(.stab.indexstr)

.comment
 *(.comment)

.debug
 *(.debug)

.line
 *(.line)

.debug_srcinfo
 *(.debug_srcinfo)

.debug_sfnames
 *(.debug_sfnames)

.debug_aranges  0x00000000      0x1e0
 *(.debug_aranges)
 .debug_aranges
                0x00000000       0x20 e:/programms/eclipse/eclipse neon.2+burner+driver/sdk_win_64/sdk_win_64/winavr/bin/../lib/gcc/avr/4.3.3/avr5\libgcc.a(_fixunssfsi.o)
 .debug_aranges
                0x00000020       0x20 e:/programms/eclipse/eclipse neon.2+burner+driver/sdk_win_64/sdk_win_64/winavr/bin/../lib/gcc/avr/4.3.3/avr5\libgcc.a(_addsub_sf.o)
 .debug_aranges
                0x00000040       0x20 e:/programms/eclipse/eclipse neon.2+burner+driver/sdk_win_64/sdk_win_64/winavr/bin/../lib/gcc/avr/4.3.3/avr5\libgcc.a(_mul_sf.o)
 .debug_aranges
                0x00000060       0x20 e:/programms/eclipse/eclipse neon.2+burner+driver/sdk_win_64/sdk_win_64/winavr/bin/../lib/gcc/avr/4.3.3/avr5\libgcc.a(_div_sf.o)
 .debug_aranges
                0x00000080       0x20 e:/programms/eclipse/eclipse neon.2+burner+driver/sdk_win_64/sdk_win_64/winavr/bin/../lib/gcc/avr/4.3.3/avr5\libgcc.a(_eq_sf.o)
 .debug_aranges
                0x000000a0       0x20 e:/programms/eclipse/eclipse neon.2+burner+driver/sdk_win_64/sdk_win_64/winavr/bin/../lib/gcc/avr/4.3.3/avr5\libgcc.a(_gt_sf.o)
 .debug_aranges
                0x000000c0       0x20 e:/programms/eclipse/eclipse neon.2+burner+driver/sdk_win_64/sdk_win_64/winavr/bin/../lib/gcc/avr/4.3.3/avr5\libgcc.a(_ge_sf.o)
 .debug_aranges
                0x000000e0       0x20 e:/programms/eclipse/eclipse neon.2+burner+driver/sdk_win_64/sdk_win_64/winavr/bin/../lib/gcc/avr/4.3.3/avr5\libgcc.a(_lt_sf.o)
 .debug_aranges
                0x00000100       0x20 e:/programms/eclipse/eclipse neon.2+burner+driver/sdk_win_64/sdk_win_64/winavr/bin/../lib/gcc/avr/4.3.3/avr5\libgcc.a(_si_to_sf.o)
 .debug_aranges
                0x00000120       0x20 e:/programms/eclipse/eclipse neon.2+burner+driver/sdk_win_64/sdk_win_64/winavr/bin/../lib/gcc/avr/4.3.3/avr5\libgcc.a(_sf_to_si.o)
 .debug_aranges
                0x00000140       0x20 e:/programms/eclipse/eclipse neon.2+burner+driver/sdk_win_64/sdk_win_64/winavr/bin/../lib/gcc/avr/4.3.3/avr5\libgcc.a(_usi_to_sf.o)
 .debug_aranges
                0x00000160       0x20 e:/programms/eclipse/eclipse neon.2+burner+driver/sdk_win_64/sdk_win_64/winavr/bin/../lib/gcc/avr/4.3.3/avr5\libgcc.a(_clzsi2.o)
 .debug_aranges
                0x00000180       0x20 e:/programms/eclipse/eclipse neon.2+burner+driver/sdk_win_64/sdk_win_64/winavr/bin/../lib/gcc/avr/4.3.3/avr5\libgcc.a(_pack_sf.o)
 .debug_aranges
                0x000001a0       0x20 e:/programms/eclipse/eclipse neon.2+burner+driver/sdk_win_64/sdk_win_64/winavr/bin/../lib/gcc/avr/4.3.3/avr5\libgcc.a(_unpack_sf.o)
 .debug_aranges
                0x000001c0       0x20 e:/programms/eclipse/eclipse neon.2+burner+driver/sdk_win_64/sdk_win_64/winavr/bin/../lib/gcc/avr/4.3.3/avr5\libgcc.a(_fpcmp_parts_sf.o)

.debug_pubnames
                0x00000000      0x232
 *(.debug_pubnames)
 .debug_pubnames
                0x00000000       0x23 e:/programms/eclipse/eclipse neon.2+burner+driver/sdk_win_64/sdk_win_64/winavr/bin/../lib/gcc/avr/4.3.3/avr5\libgcc.a(_fixunssfsi.o)
 .debug_pubnames
                0x00000023       0x2c e:/programms/eclipse/eclipse neon.2+burner+driver/sdk_win_64/sdk_win_64/winavr/bin/../lib/gcc/avr/4.3.3/avr5\libgcc.a(_addsub_sf.o)
 .debug_pubnames
                0x0000004f       0x1f e:/programms/eclipse/eclipse neon.2+burner+driver/sdk_win_64/sdk_win_64/winavr/bin/../lib/gcc/avr/4.3.3/avr5\libgcc.a(_mul_sf.o)
 .debug_pubnames
                0x0000006e       0x1f e:/programms/eclipse/eclipse neon.2+burner+driver/sdk_win_64/sdk_win_64/winavr/bin/../lib/gcc/avr/4.3.3/avr5\libgcc.a(_div_sf.o)
 .debug_pubnames
                0x0000008d       0x1e e:/programms/eclipse/eclipse neon.2+burner+driver/sdk_win_64/sdk_win_64/winavr/bin/../lib/gcc/avr/4.3.3/avr5\libgcc.a(_eq_sf.o)
 .debug_pubnames
                0x000000ab       0x1e e:/programms/eclipse/eclipse neon.2+burner+driver/sdk_win_64/sdk_win_64/winavr/bin/../lib/gcc/avr/4.3.3/avr5\libgcc.a(_gt_sf.o)
 .debug_pubnames
                0x000000c9       0x1e e:/programms/eclipse/eclipse neon.2+burner+driver/sdk_win_64/sdk_win_64/winavr/bin/../lib/gcc/avr/4.3.3/avr5\libgcc.a(_ge_sf.o)
 .debug_pubnames
                0x000000e7       0x1e e:/programms/eclipse/eclipse neon.2+burner+driver/sdk_win_64/sdk_win_64/winavr/bin/../lib/gcc/avr/4.3.3/avr5\libgcc.a(_lt_sf.o)
 .debug_pubnames
                0x00000105       0x22 e:/programms/eclipse/eclipse neon.2+burner+driver/sdk_win_64/sdk_win_64/winavr/bin/../lib/gcc/avr/4.3.3/avr5\libgcc.a(_si_to_sf.o)
 .debug_pubnames
                0x00000127       0x20 e:/programms/eclipse/eclipse neon.2+burner+driver/sdk_win_64/sdk_win_64/winavr/bin/../lib/gcc/avr/4.3.3/avr5\libgcc.a(_sf_to_si.o)
 .debug_pubnames
                0x00000147       0x22 e:/programms/eclipse/eclipse neon.2+burner+driver/sdk_win_64/sdk_win_64/winavr/bin/../lib/gcc/avr/4.3.3/avr5\libgcc.a(_thenan_sf.o)
 .debug_pubnames
                0x00000169       0x24 e:/programms/eclipse/eclipse neon.2+burner+driver/sdk_win_64/sdk_win_64/winavr/bin/../lib/gcc/avr/4.3.3/avr5\libgcc.a(_usi_to_sf.o)
 .debug_pubnames
                0x0000018d       0x1f e:/programms/eclipse/eclipse neon.2+burner+driver/sdk_win_64/sdk_win_64/winavr/bin/../lib/gcc/avr/4.3.3/avr5\libgcc.a(_clzsi2.o)
 .debug_pubnames
                0x000001ac       0x1f e:/programms/eclipse/eclipse neon.2+burner+driver/sdk_win_64/sdk_win_64/winavr/bin/../lib/gcc/avr/4.3.3/avr5\libgcc.a(_pack_sf.o)
 .debug_pubnames
                0x000001cb       0x21 e:/programms/eclipse/eclipse neon.2+burner+driver/sdk_win_64/sdk_win_64/winavr/bin/../lib/gcc/avr/4.3.3/avr5\libgcc.a(_unpack_sf.o)
 .debug_pubnames
                0x000001ec       0x26 e:/programms/eclipse/eclipse neon.2+burner+driver/sdk_win_64/sdk_win_64/winavr/bin/../lib/gcc/avr/4.3.3/avr5\libgcc.a(_fpcmp_parts_sf.o)
 .debug_pubnames
                0x00000212       0x20 e:/programms/eclipse/eclipse neon.2+burner+driver/sdk_win_64/sdk_win_64/winavr/bin/../lib/gcc/avr/4.3.3/avr5\libgcc.a(_clz.o)

.debug_info     0x00000000     0x2891
 *(.debug_info)
 .debug_info    0x00000000       0xb1 e:/programms/eclipse/eclipse neon.2+burner+driver/sdk_win_64/sdk_win_64/winavr/bin/../lib/gcc/avr/4.3.3/avr5\libgcc.a(_fixunssfsi.o)
 .debug_info    0x000000b1      0x47a e:/programms/eclipse/eclipse neon.2+burner+driver/sdk_win_64/sdk_win_64/winavr/bin/../lib/gcc/avr/4.3.3/avr5\libgcc.a(_addsub_sf.o)
 .debug_info    0x0000052b      0x485 e:/programms/eclipse/eclipse neon.2+burner+driver/sdk_win_64/sdk_win_64/winavr/bin/../lib/gcc/avr/4.3.3/avr5\libgcc.a(_mul_sf.o)
 .debug_info    0x000009b0      0x3fc e:/programms/eclipse/eclipse neon.2+burner+driver/sdk_win_64/sdk_win_64/winavr/bin/../lib/gcc/avr/4.3.3/avr5\libgcc.a(_div_sf.o)
 .debug_info    0x00000dac      0x27f e:/programms/eclipse/eclipse neon.2+burner+driver/sdk_win_64/sdk_win_64/winavr/bin/../lib/gcc/avr/4.3.3/avr5\libgcc.a(_eq_sf.o)
 .debug_info    0x0000102b      0x27f e:/programms/eclipse/eclipse neon.2+burner+driver/sdk_win_64/sdk_win_64/winavr/bin/../lib/gcc/avr/4.3.3/avr5\libgcc.a(_gt_sf.o)
 .debug_info    0x000012aa      0x27f e:/programms/eclipse/eclipse neon.2+burner+driver/sdk_win_64/sdk_win_64/winavr/bin/../lib/gcc/avr/4.3.3/avr5\libgcc.a(_ge_sf.o)
 .debug_info    0x00001529      0x27f e:/programms/eclipse/eclipse neon.2+burner+driver/sdk_win_64/sdk_win_64/winavr/bin/../lib/gcc/avr/4.3.3/avr5\libgcc.a(_lt_sf.o)
 .debug_info    0x000017a8      0x207 e:/programms/eclipse/eclipse neon.2+burner+driver/sdk_win_64/sdk_win_64/winavr/bin/../lib/gcc/avr/4.3.3/avr5\libgcc.a(_si_to_sf.o)
 .debug_info    0x000019af      0x2b0 e:/programms/eclipse/eclipse neon.2+burner+driver/sdk_win_64/sdk_win_64/winavr/bin/../lib/gcc/avr/4.3.3/avr5\libgcc.a(_sf_to_si.o)
 .debug_info    0x00001c5f      0x12c e:/programms/eclipse/eclipse neon.2+burner+driver/sdk_win_64/sdk_win_64/winavr/bin/../lib/gcc/avr/4.3.3/avr5\libgcc.a(_thenan_sf.o)
 .debug_info    0x00001d8b      0x206 e:/programms/eclipse/eclipse neon.2+burner+driver/sdk_win_64/sdk_win_64/winavr/bin/../lib/gcc/avr/4.3.3/avr5\libgcc.a(_usi_to_sf.o)
 .debug_info    0x00001f91      0x117 e:/programms/eclipse/eclipse neon.2+burner+driver/sdk_win_64/sdk_win_64/winavr/bin/../lib/gcc/avr/4.3.3/avr5\libgcc.a(_clzsi2.o)
 .debug_info    0x000020a8      0x2df e:/programms/eclipse/eclipse neon.2+burner+driver/sdk_win_64/sdk_win_64/winavr/bin/../lib/gcc/avr/4.3.3/avr5\libgcc.a(_pack_sf.o)
 .debug_info    0x00002387      0x251 e:/programms/eclipse/eclipse neon.2+burner+driver/sdk_win_64/sdk_win_64/winavr/bin/../lib/gcc/avr/4.3.3/avr5\libgcc.a(_unpack_sf.o)
 .debug_info    0x000025d8      0x210 e:/programms/eclipse/eclipse neon.2+burner+driver/sdk_win_64/sdk_win_64/winavr/bin/../lib/gcc/avr/4.3.3/avr5\libgcc.a(_fpcmp_parts_sf.o)
 .debug_info    0x000027e8       0xa9 e:/programms/eclipse/eclipse neon.2+burner+driver/sdk_win_64/sdk_win_64/winavr/bin/../lib/gcc/avr/4.3.3/avr5\libgcc.a(_clz.o)
 *(.gnu.linkonce.wi.*)

.debug_abbrev   0x00000000     0x1628
 *(.debug_abbrev)
 .debug_abbrev  0x00000000       0x5d e:/programms/eclipse/eclipse neon.2+burner+driver/sdk_win_64/sdk_win_64/winavr/bin/../lib/gcc/avr/4.3.3/avr5\libgcc.a(_fixunssfsi.o)
 .debug_abbrev  0x0000005d      0x1ea e:/programms/eclipse/eclipse neon.2+burner+driver/sdk_win_64/sdk_win_64/winavr/bin/../lib/gcc/avr/4.3.3/avr5\libgcc.a(_addsub_sf.o)
 .debug_abbrev  0x00000247      0x21b e:/programms/eclipse/eclipse neon.2+burner+driver/sdk_win_64/sdk_win_64/winavr/bin/../lib/gcc/avr/4.3.3/avr5\libgcc.a(_mul_sf.o)
 .debug_abbrev  0x00000462      0x216 e:/programms/eclipse/eclipse neon.2+burner+driver/sdk_win_64/sdk_win_64/winavr/bin/../lib/gcc/avr/4.3.3/avr5\libgcc.a(_div_sf.o)
 .debug_abbrev  0x00000678      0x15a e:/programms/eclipse/eclipse neon.2+burner+driver/sdk_win_64/sdk_win_64/winavr/bin/../lib/gcc/avr/4.3.3/avr5\libgcc.a(_eq_sf.o)
 .debug_abbrev  0x000007d2      0x15a e:/programms/eclipse/eclipse neon.2+burner+driver/sdk_win_64/sdk_win_64/winavr/bin/../lib/gcc/avr/4.3.3/avr5\libgcc.a(_gt_sf.o)
 .debug_abbrev  0x0000092c      0x15a e:/programms/eclipse/eclipse neon.2+burner+driver/sdk_win_64/sdk_win_64/winavr/bin/../lib/gcc/avr/4.3.3/avr5\libgcc.a(_ge_sf.o)
 .debug_abbrev  0x00000a86      0x15a e:/programms/eclipse/eclipse neon.2+burner+driver/sdk_win_64/sdk_win_64/winavr/bin/../lib/gcc/avr/4.3.3/avr5\libgcc.a(_lt_sf.o)
 .debug_abbrev  0x00000be0      0x148 e:/programms/eclipse/eclipse neon.2+burner+driver/sdk_win_64/sdk_win_64/winavr/bin/../lib/gcc/avr/4.3.3/avr5\libgcc.a(_si_to_sf.o)
 .debug_abbrev  0x00000d28      0x17f e:/programms/eclipse/eclipse neon.2+burner+driver/sdk_win_64/sdk_win_64/winavr/bin/../lib/gcc/avr/4.3.3/avr5\libgcc.a(_sf_to_si.o)
 .debug_abbrev  0x00000ea7       0xad e:/programms/eclipse/eclipse neon.2+burner+driver/sdk_win_64/sdk_win_64/winavr/bin/../lib/gcc/avr/4.3.3/avr5\libgcc.a(_thenan_sf.o)
 .debug_abbrev  0x00000f54      0x157 e:/programms/eclipse/eclipse neon.2+burner+driver/sdk_win_64/sdk_win_64/winavr/bin/../lib/gcc/avr/4.3.3/avr5\libgcc.a(_usi_to_sf.o)
 .debug_abbrev  0x000010ab       0xc4 e:/programms/eclipse/eclipse neon.2+burner+driver/sdk_win_64/sdk_win_64/winavr/bin/../lib/gcc/avr/4.3.3/avr5\libgcc.a(_clzsi2.o)
 .debug_abbrev  0x0000116f      0x1c0 e:/programms/eclipse/eclipse neon.2+burner+driver/sdk_win_64/sdk_win_64/winavr/bin/../lib/gcc/avr/4.3.3/avr5\libgcc.a(_pack_sf.o)
 .debug_abbrev  0x0000132f      0x154 e:/programms/eclipse/eclipse neon.2+burner+driver/sdk_win_64/sdk_win_64/winavr/bin/../lib/gcc/avr/4.3.3/avr5\libgcc.a(_unpack_sf.o)
 .debug_abbrev  0x00001483      0x13b e:/programms/eclipse/eclipse neon.2+burner+driver/sdk_win_64/sdk_win_64/winavr/bin/../lib/gcc/avr/4.3.3/avr5\libgcc.a(_fpcmp_parts_sf.o)
 .debug_abbrev  0x000015be       0x6a e:/programms/eclipse/eclipse neon.2+burner+driver/sdk_win_64/sdk_win_64/winavr/bin/../lib/gcc/avr/4.3.3/avr5\libgcc.a(_clz.o)

.debug_line     0x00000000     0x13de
 *(.debug_line)
 .debug_line    0x00000000       0xa7 e:/programms/eclipse/eclipse neon.2+burner+driver/sdk_win_64/sdk_win_64/winavr/bin/../lib/gcc/avr/4.3.3/avr5\libgcc.a(_fixunssfsi.o)
 .debug_line    0x000000a7      0x2af e:/programms/eclipse/eclipse neon.2+burner+driver/sdk_win_64/sdk_win_64/winavr/bin/../lib/gcc/avr/4.3.3/avr5\libgcc.a(_addsub_sf.o)
 .debug_line    0x00000356      0x239 e:/programms/eclipse/eclipse neon.2+burner+driver/sdk_win_64/sdk_win_64/winavr/bin/../lib/gcc/avr/4.3.3/avr5\libgcc.a(_mul_sf.o)
 .debug_line    0x0000058f      0x1d5 e:/programms/eclipse/eclipse neon.2+burner+driver/sdk_win_64/sdk_win_64/winavr/bin/../lib/gcc/avr/4.3.3/avr5\libgcc.a(_div_sf.o)
 .debug_line    0x00000764       0xd3 e:/programms/eclipse/eclipse neon.2+burner+driver/sdk_win_64/sdk_win_64/winavr/bin/../lib/gcc/avr/4.3.3/avr5\libgcc.a(_eq_sf.o)
 .debug_line    0x00000837       0xd3 e:/programms/eclipse/eclipse neon.2+burner+driver/sdk_win_64/sdk_win_64/winavr/bin/../lib/gcc/avr/4.3.3/avr5\libgcc.a(_gt_sf.o)
 .debug_line    0x0000090a       0xd3 e:/programms/eclipse/eclipse neon.2+burner+driver/sdk_win_64/sdk_win_64/winavr/bin/../lib/gcc/avr/4.3.3/avr5\libgcc.a(_ge_sf.o)
 .debug_line    0x000009dd       0xd3 e:/programms/eclipse/eclipse neon.2+burner+driver/sdk_win_64/sdk_win_64/winavr/bin/../lib/gcc/avr/4.3.3/avr5\libgcc.a(_lt_sf.o)
 .debug_line    0x00000ab0      0x135 e:/programms/eclipse/eclipse neon.2+burner+driver/sdk_win_64/sdk_win_64/winavr/bin/../lib/gcc/avr/4.3.3/avr5\libgcc.a(_si_to_sf.o)
 .debug_line    0x00000be5      0x109 e:/programms/eclipse/eclipse neon.2+burner+driver/sdk_win_64/sdk_win_64/winavr/bin/../lib/gcc/avr/4.3.3/avr5\libgcc.a(_sf_to_si.o)
 .debug_line    0x00000cee       0x90 e:/programms/eclipse/eclipse neon.2+burner+driver/sdk_win_64/sdk_win_64/winavr/bin/../lib/gcc/avr/4.3.3/avr5\libgcc.a(_thenan_sf.o)
 .debug_line    0x00000d7e      0x133 e:/programms/eclipse/eclipse neon.2+burner+driver/sdk_win_64/sdk_win_64/winavr/bin/../lib/gcc/avr/4.3.3/avr5\libgcc.a(_usi_to_sf.o)
 .debug_line    0x00000eb1       0xa5 e:/programms/eclipse/eclipse neon.2+burner+driver/sdk_win_64/sdk_win_64/winavr/bin/../lib/gcc/avr/4.3.3/avr5\libgcc.a(_clzsi2.o)
 .debug_line    0x00000f56      0x18a e:/programms/eclipse/eclipse neon.2+burner+driver/sdk_win_64/sdk_win_64/winavr/bin/../lib/gcc/avr/4.3.3/avr5\libgcc.a(_pack_sf.o)
 .debug_line    0x000010e0      0x14b e:/programms/eclipse/eclipse neon.2+burner+driver/sdk_win_64/sdk_win_64/winavr/bin/../lib/gcc/avr/4.3.3/avr5\libgcc.a(_unpack_sf.o)
 .debug_line    0x0000122b      0x137 e:/programms/eclipse/eclipse neon.2+burner+driver/sdk_win_64/sdk_win_64/winavr/bin/../lib/gcc/avr/4.3.3/avr5\libgcc.a(_fpcmp_parts_sf.o)
 .debug_line    0x00001362       0x7c e:/programms/eclipse/eclipse neon.2+burner+driver/sdk_win_64/sdk_win_64/winavr/bin/../lib/gcc/avr/4.3.3/avr5\libgcc.a(_clz.o)

.debug_frame    0x00000000      0x200
 *(.debug_frame)
 .debug_frame   0x00000000       0x20 e:/programms/eclipse/eclipse neon.2+burner+driver/sdk_win_64/sdk_win_64/winavr/bin/../lib/gcc/avr/4.3.3/avr5\libgcc.a(_fixunssfsi.o)
 .debug_frame   0x00000020       0x40 e:/programms/eclipse/eclipse neon.2+burner+driver/sdk_win_64/sdk_win_64/winavr/bin/../lib/gcc/avr/4.3.3/avr5\libgcc.a(_addsub_sf.o)
 .debug_frame   0x00000060       0x20 e:/programms/eclipse/eclipse neon.2+burner+driver/sdk_win_64/sdk_win_64/winavr/bin/../lib/gcc/avr/4.3.3/avr5\libgcc.a(_mul_sf.o)
 .debug_frame   0x00000080       0x20 e:/programms/eclipse/eclipse neon.2+burner+driver/sdk_win_64/sdk_win_64/winavr/bin/../lib/gcc/avr/4.3.3/avr5\libgcc.a(_div_sf.o)
 .debug_frame   0x000000a0       0x20 e:/programms/eclipse/eclipse neon.2+burner+driver/sdk_win_64/sdk_win_64/winavr/bin/../lib/gcc/avr/4.3.3/avr5\libgcc.a(_eq_sf.o)
 .debug_frame   0x000000c0       0x20 e:/programms/eclipse/eclipse neon.2+burner+driver/sdk_win_64/sdk_win_64/winavr/bin/../lib/gcc/avr/4.3.3/avr5\libgcc.a(_gt_sf.o)
 .debug_frame   0x000000e0       0x20 e:/programms/eclipse/eclipse neon.2+burner+driver/sdk_win_64/sdk_win_64/winavr/bin/../lib/gcc/avr/4.3.3/avr5\libgcc.a(_ge_sf.o)
 .debug_frame   0x00000100       0x20 e:/programms/eclipse/eclipse neon.2+burner+driver/sdk_win_64/sdk_win_64/winavr/bin/../lib/gcc/avr/4.3.3/avr5\libgcc.a(_lt_sf.o)
 .debug_frame   0x00000120       0x20 e:/programms/eclipse/eclipse neon.2+burner+driver/sdk_win_64/sdk_win_64/winavr/bin/../lib/gcc/avr/4.3.3/avr5\libgcc.a(_si_to_sf.o)
 .debug_frame   0x00000140       0x20 e:/programms/eclipse/eclipse neon.2+burner+driver/sdk_win_64/sdk_win_64/winavr/bin/../lib/gcc/avr/4.3.3/avr5\libgcc.a(_sf_to_si.o)
 .debug_frame   0x00000160       0x20 e:/programms/eclipse/eclipse neon.2+burner+driver/sdk_win_64/sdk_win_64/winavr/bin/../lib/gcc/avr/4.3.3/avr5\libgcc.a(_usi_to_sf.o)
 .debug_frame   0x00000180       0x20 e:/programms/eclipse/eclipse neon.2+burner+driver/sdk_win_64/sdk_win_64/winavr/bin/../lib/gcc/avr/4.3.3/avr5\libgcc.a(_clzsi2.o)
 .debug_frame   0x000001a0       0x20 e:/programms/eclipse/eclipse neon.2+burner+driver/sdk_win_64/sdk_win_64/winavr/bin/../lib/gcc/avr/4.3.3/avr5\libgcc.a(_pack_sf.o)
 .debug_frame   0x000001c0       0x20 e:/programms/eclipse/eclipse neon.2+burner+driver/sdk_win_64/sdk_win_64/winavr/bin/../lib/gcc/avr/4.3.3/avr5\libgcc.a(_unpack_sf.o)
 .debug_frame   0x000001e0       0x20 e:/programms/eclipse/eclipse neon.2+burner+driver/sdk_win_64/sdk_win_64/winavr/bin/../lib/gcc/avr/4.3.3/avr5\libgcc.a(_fpcmp_parts_sf.o)

.debug_str      0x00000000      0x30f
 *(.debug_str)
 .debug_str     0x00000000       0xbf e:/programms/eclipse/eclipse neon.2+burner+driver/sdk_win_64/sdk_win_64/winavr/bin/../lib/gcc/avr/4.3.3/avr5\libgcc.a(_fixunssfsi.o)
                                 0xfe (size before relaxing)
 .debug_str     0x000000bf      0x14d e:/programms/eclipse/eclipse neon.2+burner+driver/sdk_win_64/sdk_win_64/winavr/bin/../lib/gcc/avr/4.3.3/avr5\libgcc.a(_addsub_sf.o)
                                0x206 (size before relaxing)
 .debug_str     0x0000020c       0x27 e:/programms/eclipse/eclipse neon.2+burner+driver/sdk_win_64/sdk_win_64/winavr/bin/../lib/gcc/avr/4.3.3/avr5\libgcc.a(_mul_sf.o)
                                0x1bf (size before relaxing)
 .debug_str     0x00000233       0x35 e:/programms/eclipse/eclipse neon.2+burner+driver/sdk_win_64/sdk_win_64/winavr/bin/../lib/gcc/avr/4.3.3/avr5\libgcc.a(_div_sf.o)
                                0x1c8 (size before relaxing)
 .debug_str     0x00000268        0x8 e:/programms/eclipse/eclipse neon.2+burner+driver/sdk_win_64/sdk_win_64/winavr/bin/../lib/gcc/avr/4.3.3/avr5\libgcc.a(_eq_sf.o)
                                0x195 (size before relaxing)
 .debug_str     0x00000270        0x8 e:/programms/eclipse/eclipse neon.2+burner+driver/sdk_win_64/sdk_win_64/winavr/bin/../lib/gcc/avr/4.3.3/avr5\libgcc.a(_gt_sf.o)
                                0x195 (size before relaxing)
 .debug_str     0x00000278        0x8 e:/programms/eclipse/eclipse neon.2+burner+driver/sdk_win_64/sdk_win_64/winavr/bin/../lib/gcc/avr/4.3.3/avr5\libgcc.a(_ge_sf.o)
                                0x195 (size before relaxing)
 .debug_str     0x00000280        0x8 e:/programms/eclipse/eclipse neon.2+burner+driver/sdk_win_64/sdk_win_64/winavr/bin/../lib/gcc/avr/4.3.3/avr5\libgcc.a(_lt_sf.o)
                                0x195 (size before relaxing)
 .debug_str     0x00000288       0x1e e:/programms/eclipse/eclipse neon.2+burner+driver/sdk_win_64/sdk_win_64/winavr/bin/../lib/gcc/avr/4.3.3/avr5\libgcc.a(_si_to_sf.o)
                                0x17b (size before relaxing)
 .debug_str     0x000002a6        0xa e:/programms/eclipse/eclipse neon.2+burner+driver/sdk_win_64/sdk_win_64/winavr/bin/../lib/gcc/avr/4.3.3/avr5\libgcc.a(_sf_to_si.o)
                                0x19e (size before relaxing)
 .debug_str     0x00000000      0x103 e:/programms/eclipse/eclipse neon.2+burner+driver/sdk_win_64/sdk_win_64/winavr/bin/../lib/gcc/avr/4.3.3/avr5\libgcc.a(_thenan_sf.o)
 .debug_str     0x000002b0       0x14 e:/programms/eclipse/eclipse neon.2+burner+driver/sdk_win_64/sdk_win_64/winavr/bin/../lib/gcc/avr/4.3.3/avr5\libgcc.a(_usi_to_sf.o)
                                0x177 (size before relaxing)
 .debug_str     0x000002c4       0x20 e:/programms/eclipse/eclipse neon.2+burner+driver/sdk_win_64/sdk_win_64/winavr/bin/../lib/gcc/avr/4.3.3/avr5\libgcc.a(_clzsi2.o)
                                0x111 (size before relaxing)
 .debug_str     0x000002e4       0x10 e:/programms/eclipse/eclipse neon.2+burner+driver/sdk_win_64/sdk_win_64/winavr/bin/../lib/gcc/avr/4.3.3/avr5\libgcc.a(_pack_sf.o)
                                0x19d (size before relaxing)
 .debug_str     0x000002f4        0xb e:/programms/eclipse/eclipse neon.2+burner+driver/sdk_win_64/sdk_win_64/winavr/bin/../lib/gcc/avr/4.3.3/avr5\libgcc.a(_unpack_sf.o)
                                0x17f (size before relaxing)
 .debug_str     0x000002ff       0x10 e:/programms/eclipse/eclipse neon.2+burner+driver/sdk_win_64/sdk_win_64/winavr/bin/../lib/gcc/avr/4.3.3/avr5\libgcc.a(_fpcmp_parts_sf.o)
                                0x163 (size before relaxing)
 .debug_str     0x00000000       0xf4 e:/programms/eclipse/eclipse neon.2+burner+driver/sdk_win_64/sdk_win_64/winavr/bin/../lib/gcc/avr/4.3.3/avr5\libgcc.a(_clz.o)

.debug_loc      0x00000000      0xa56
 *(.debug_loc)
 .debug_loc     0x00000000       0x34 e:/programms/eclipse/eclipse neon.2+burner+driver/sdk_win_64/sdk_win_64/winavr/bin/../lib/gcc/avr/4.3.3/avr5\libgcc.a(_fixunssfsi.o)
 .debug_loc     0x00000034      0x32a e:/programms/eclipse/eclipse neon.2+burner+driver/sdk_win_64/sdk_win_64/winavr/bin/../lib/gcc/avr/4.3.3/avr5\libgcc.a(_addsub_sf.o)
 .debug_loc     0x0000035e      0x104 e:/programms/eclipse/eclipse neon.2+burner+driver/sdk_win_64/sdk_win_64/winavr/bin/../lib/gcc/avr/4.3.3/avr5\libgcc.a(_mul_sf.o)
 .debug_loc     0x00000462       0xc0 e:/programms/eclipse/eclipse neon.2+burner+driver/sdk_win_64/sdk_win_64/winavr/bin/../lib/gcc/avr/4.3.3/avr5\libgcc.a(_div_sf.o)
 .debug_loc     0x00000522       0x3c e:/programms/eclipse/eclipse neon.2+burner+driver/sdk_win_64/sdk_win_64/winavr/bin/../lib/gcc/avr/4.3.3/avr5\libgcc.a(_eq_sf.o)
 .debug_loc     0x0000055e       0x3c e:/programms/eclipse/eclipse neon.2+burner+driver/sdk_win_64/sdk_win_64/winavr/bin/../lib/gcc/avr/4.3.3/avr5\libgcc.a(_gt_sf.o)
 .debug_loc     0x0000059a       0x3c e:/programms/eclipse/eclipse neon.2+burner+driver/sdk_win_64/sdk_win_64/winavr/bin/../lib/gcc/avr/4.3.3/avr5\libgcc.a(_ge_sf.o)
 .debug_loc     0x000005d6       0x3c e:/programms/eclipse/eclipse neon.2+burner+driver/sdk_win_64/sdk_win_64/winavr/bin/../lib/gcc/avr/4.3.3/avr5\libgcc.a(_lt_sf.o)
 .debug_loc     0x00000612       0xac e:/programms/eclipse/eclipse neon.2+burner+driver/sdk_win_64/sdk_win_64/winavr/bin/../lib/gcc/avr/4.3.3/avr5\libgcc.a(_si_to_sf.o)
 .debug_loc     0x000006be       0x7e e:/programms/eclipse/eclipse neon.2+burner+driver/sdk_win_64/sdk_win_64/winavr/bin/../lib/gcc/avr/4.3.3/avr5\libgcc.a(_sf_to_si.o)
 .debug_loc     0x0000073c       0x4c e:/programms/eclipse/eclipse neon.2+burner+driver/sdk_win_64/sdk_win_64/winavr/bin/../lib/gcc/avr/4.3.3/avr5\libgcc.a(_usi_to_sf.o)
 .debug_loc     0x00000788       0x94 e:/programms/eclipse/eclipse neon.2+burner+driver/sdk_win_64/sdk_win_64/winavr/bin/../lib/gcc/avr/4.3.3/avr5\libgcc.a(_clzsi2.o)
 .debug_loc     0x0000081c      0x13e e:/programms/eclipse/eclipse neon.2+burner+driver/sdk_win_64/sdk_win_64/winavr/bin/../lib/gcc/avr/4.3.3/avr5\libgcc.a(_pack_sf.o)
 .debug_loc     0x0000095a       0xac e:/programms/eclipse/eclipse neon.2+burner+driver/sdk_win_64/sdk_win_64/winavr/bin/../lib/gcc/avr/4.3.3/avr5\libgcc.a(_unpack_sf.o)
 .debug_loc     0x00000a06       0x50 e:/programms/eclipse/eclipse neon.2+burner+driver/sdk_win_64/sdk_win_64/winavr/bin/../lib/gcc/avr/4.3.3/avr5\libgcc.a(_fpcmp_parts_sf.o)

.debug_macinfo
 *(.debug_macinfo)
OUTPUT(NTIavr.elf elf32-avr)
LOAD linker stubs

.debug_ranges   0x00000000       0x50
 .debug_ranges  0x00000000       0x50 e:/programms/eclipse/eclipse neon.2+burner+driver/sdk_win_64/sdk_win_64/winavr/bin/../lib/gcc/avr/4.3.3/avr5\libgcc.a(_mul_sf.o)
